// Jest Snapshot v1, https://goo.gl/fbAQLP

exports[`renders the loading component when different routes are requested 1`] = `
Array [
  <div
    className="App-background-1"
    style={
      Object {
        "backgroundImage": "url(images/out.jpg)",
      }
    }
  />,
  <div
    className="Login-cardContainer-2"
    style={
      Object {
        "opacity": 0,
      }
    }
  >
    <div
      className="MuiPaper-root-7 MuiPaper-elevation1-10 MuiPaper-rounded-8 MuiCard-root-6 Login-card-3"
    >
      <div
        className="MuiCardContent-root-34"
      >
        <p
          className="MuiTypography-root-35 MuiTypography-body1-44 Login-title-4"
          type="title"
        >
          Choose a name and enter password
        </p>
        <div
          className="MuiFormControl-root-70 MuiFormControl-marginDense-72"
          onKeyPress={[Function]}
        >
          <label
            className="MuiFormLabel-root-81 MuiInputLabel-root-74 MuiInputLabel-formControl-75 MuiInputLabel-animated-78 MuiInputLabel-marginDense-76"
            data-shrink={false}
            htmlFor="username"
          >
            Name
          </label>
          <div
            className="MuiInputBase-root-101 MuiInput-root-88 MuiInput-underline-92 MuiInputBase-formControl-102 MuiInput-formControl-89 MuiInputBase-marginDense-108"
            onClick={[Function]}
          >
            <input
              aria-invalid={false}
              autoFocus={true}
              className="MuiInputBase-input-111 MuiInput-input-96 MuiInputBase-inputMarginDense-112 MuiInput-inputMarginDense-97"
              disabled={false}
              id="username"
              onBlur={[Function]}
              onChange={[Function]}
              onFocus={[Function]}
              required={false}
              type="text"
            />
          </div>
        </div>
        <div
          className="MuiFormControl-root-70 MuiFormControl-marginDense-72"
          onKeyPress={[Function]}
        >
          <label
            className="MuiFormLabel-root-81 MuiInputLabel-root-74 MuiInputLabel-formControl-75 MuiInputLabel-animated-78 MuiInputLabel-marginDense-76"
            data-shrink={false}
            htmlFor="password"
          >
            Password
          </label>
          <div
            className="MuiInputBase-root-101 MuiInput-root-88 MuiInput-underline-92 MuiInputBase-formControl-102 MuiInput-formControl-89 MuiInputBase-marginDense-108"
            onClick={[Function]}
          >
            <input
              aria-invalid={false}
              autoComplete="current-password"
              className="MuiInputBase-input-111 MuiInput-input-96 MuiInputBase-inputType-114 MuiInput-inputType-99 MuiInputBase-inputMarginDense-112 MuiInput-inputMarginDense-97"
              disabled={false}
              id="password"
              onBlur={[Function]}
              onChange={[Function]}
              onFocus={[Function]}
              required={false}
              type="password"
            />
          </div>
        </div>
      </div>
      <div
        className="MuiCardActions-root-118"
      >
        <button
          className="MuiButtonBase-root-146 MuiButton-root-120 MuiButton-contained-131 MuiButton-containedPrimary-132 MuiButton-raised-134 MuiButton-raisedPrimary-135 Login-button-5 MuiCardActions-action-119"
          disabled={false}
          onBlur={[Function]}
          onClick={[Function]}
          onFocus={[Function]}
          onKeyDown={[Function]}
          onKeyUp={[Function]}
          onMouseDown={[Function]}
          onMouseLeave={[Function]}
          onMouseUp={[Function]}
          onTouchEnd={[Function]}
          onTouchMove={[Function]}
          onTouchStart={[Function]}
          tabIndex="0"
          type="button"
        >
          <span
            className="MuiButton-label-121"
          >
            Login
          </span>
          <span
            className="MuiTouchRipple-root-149"
          />
        </button>
      </div>
    </div>
  </div>,
]
`;

exports[`renders the loading component when different routes are requested 2`] = `
Array [
  <div
    className="App-background-1"
    style={
      Object {
        "backgroundImage": "url(images/out.jpg)",
      }
    }
  />,
  <div
    className="Login-cardContainer-2"
    style={
      Object {
        "opacity": 0,
      }
    }
  >
    <div
      className="MuiPaper-root-7 MuiPaper-elevation1-10 MuiPaper-rounded-8 MuiCard-root-6 Login-card-3"
    >
      <div
        className="MuiCardContent-root-34"
      >
        <p
          className="MuiTypography-root-35 MuiTypography-body1-44 Login-title-4"
          type="title"
        >
          Choose a name and enter password
        </p>
        <div
          className="MuiFormControl-root-70 MuiFormControl-marginDense-72"
          onKeyPress={[Function]}
        >
          <label
            className="MuiFormLabel-root-81 MuiInputLabel-root-74 MuiInputLabel-formControl-75 MuiInputLabel-animated-78 MuiInputLabel-marginDense-76"
            data-shrink={false}
            htmlFor="username"
          >
            Name
          </label>
          <div
            className="MuiInputBase-root-101 MuiInput-root-88 MuiInput-underline-92 MuiInputBase-formControl-102 MuiInput-formControl-89 MuiInputBase-marginDense-108"
            onClick={[Function]}
          >
            <input
              aria-invalid={false}
              autoFocus={true}
              className="MuiInputBase-input-111 MuiInput-input-96 MuiInputBase-inputMarginDense-112 MuiInput-inputMarginDense-97"
              disabled={false}
              id="username"
              onBlur={[Function]}
              onChange={[Function]}
              onFocus={[Function]}
              required={false}
              type="text"
            />
          </div>
        </div>
        <div
          className="MuiFormControl-root-70 MuiFormControl-marginDense-72"
          onKeyPress={[Function]}
        >
          <label
            className="MuiFormLabel-root-81 MuiInputLabel-root-74 MuiInputLabel-formControl-75 MuiInputLabel-animated-78 MuiInputLabel-marginDense-76"
            data-shrink={false}
            htmlFor="password"
          >
            Password
          </label>
          <div
            className="MuiInputBase-root-101 MuiInput-root-88 MuiInput-underline-92 MuiInputBase-formControl-102 MuiInput-formControl-89 MuiInputBase-marginDense-108"
            onClick={[Function]}
          >
            <input
              aria-invalid={false}
              autoComplete="current-password"
              className="MuiInputBase-input-111 MuiInput-input-96 MuiInputBase-inputType-114 MuiInput-inputType-99 MuiInputBase-inputMarginDense-112 MuiInput-inputMarginDense-97"
              disabled={false}
              id="password"
              onBlur={[Function]}
              onChange={[Function]}
              onFocus={[Function]}
              required={false}
              type="password"
            />
          </div>
        </div>
      </div>
      <div
        className="MuiCardActions-root-118"
      >
        <button
          className="MuiButtonBase-root-146 MuiButton-root-120 MuiButton-contained-131 MuiButton-containedPrimary-132 MuiButton-raised-134 MuiButton-raisedPrimary-135 Login-button-5 MuiCardActions-action-119"
          disabled={false}
          onBlur={[Function]}
          onClick={[Function]}
          onFocus={[Function]}
          onKeyDown={[Function]}
          onKeyUp={[Function]}
          onMouseDown={[Function]}
          onMouseLeave={[Function]}
          onMouseUp={[Function]}
          onTouchEnd={[Function]}
          onTouchMove={[Function]}
          onTouchStart={[Function]}
          tabIndex="0"
          type="button"
        >
          <span
            className="MuiButton-label-121"
          >
            Login
          </span>
          <span
            className="MuiTouchRipple-root-149"
          />
        </button>
      </div>
    </div>
  </div>,
]
`;
