// Jest Snapshot v1, https://goo.gl/fbAQLP

exports[`renders the loading component when different routes are requested 1`] = `
Array [
  <div
    className="App-background-1"
    style={
      Object {
        "backgroundImage": "url(images/in.jpg)",
      }
    }
  />,
  <div>
    Loading...
  </div>,
]
`;

exports[`renders the loading component when different routes are requested 2`] = `
Array [
  <div
    className="App-background-1"
    style={
      Object {
        "backgroundImage": "url(images/in.jpg)",
      }
    }
  />,
  <div>
    Loading...
  </div>,
]
`;
